[2026-10-08T06:25:34.261Z] GET http://localhost:8765/concepts/claymorphism.html → 200 (19ms, 23702B)
[2026-10-08T06:25:34.293Z] GET https://fonts.googleapis.com/css2?family=Nunito:wght@500;700;800;900&family=DM+Mono:wght@400;500&display=swap → 200 (101ms, 1196B)
[2026-10-08T06:25:34.293Z] GET http://localhost:8765/js/concepts.js → 200 (13ms, 3952B)
[2026-10-08T06:25:34.293Z] GET http://localhost:8765/img/logo/Full_Logo.svg → 200 (26ms, 6509B)
[2026-10-08T06:25:34.293Z] GET http://localhost:8765/img/photo/mothnode-pcba-bench.jpg → 200 (12ms, 406345B)
[2026-10-08T06:25:34.513Z] GET https://fonts.gstatic.com/s/dmmono/v16/aFTR7PB1QTsUX8KYvumzEYOtbQ.woff2 → 200 (99ms, 15106B)
[2026-10-08T06:25:34.513Z] GET https://fonts.gstatic.com/s/nunito/v32/XRXV3I6Li01BKofINeaB.woff2 → 200 (105ms, 39679B)
[2026-10-08T06:25:34.513Z] GET http://localhost:8765/img/photo/mothnode-enclosure.jpg → 200 (19ms, 267452B)
[2026-10-08T06:25:35.935Z] GET http://localhost:8765/img/photo/bench-wide.jpg → 200 (14ms, 443087B)
[2026-10-08T06:25:36.074Z] GET http://localhost:8765/concepts/claymorphism.html → 200 (3ms, -188B)
[2026-10-08T06:25:36.099Z] GET https://fonts.googleapis.com/css2?family=Nunito:wght@500;700;800;900&family=DM+Mono:wght@400;500&display=swap → 200 (1ms, -743B)
[2026-10-08T06:25:36.100Z] GET http://localhost:8765/js/concepts.js → 304 (11ms, ?B)
[2026-10-08T06:25:36.101Z] GET http://localhost:8765/img/logo/Full_Logo.svg → 200 (?ms, -191B)
[2026-10-08T06:25:36.101Z] GET http://localhost:8765/img/photo/mothnode-pcba-bench.jpg → 200 (?ms, -190B)
[2026-10-08T06:25:36.113Z] GET http://localhost:8765/img/photo/mothnode-enclosure.jpg → 200 (?ms, -190B)
[2026-10-08T06:25:36.113Z] GET http://localhost:8765/img/photo/bench-wide.jpg → 200 (?ms, -190B)
[2026-10-08T06:25:36.163Z] GET https://fonts.gstatic.com/s/dmmono/v16/aFTR7PB1QTsUX8KYvumzEYOtbQ.woff2 → 200 (1ms, -815B)
[2026-10-08T06:25:36.166Z] GET https://fonts.gstatic.com/s/nunito/v32/XRXV3I6Li01BKofINeaB.woff2 → 200 (?ms, -815B)
[2026-10-08T06:25:38.213Z] GET http://localhost:8765/concepts/cybercore.html → 200 (7ms, 25320B)
[2026-10-08T06:25:38.231Z] GET https://fonts.googleapis.com/css2?family=Michroma&family=VT323&family=Share+Tech+Mono&display=swap → 200 (23ms, 702B)
[2026-10-08T06:25:38.231Z] GET http://localhost:8765/js/concepts.js → 304 (6ms, ?B)
[2026-10-08T06:25:38.231Z] GET http://localhost:8765/img/logo/Full_Logo.svg → 200 (?ms, -191B)
[2026-10-08T06:25:38.232Z] GET http://localhost:8765/img/photo/mothnode-pcba-bench.jpg → 200 (?ms, -190B)
[2026-10-08T06:25:38.297Z] GET http://localhost:8765/img/photo/mothnode-enclosure.jpg → 200 (?ms, -190B)
[2026-10-08T06:25:38.297Z] GET http://localhost:8765/img/photo/bench-wide.jpg → 200 (?ms, -190B)
[2026-10-08T06:25:38.298Z] GET https://fonts.gstatic.com/s/vt323/v18/pxiKyp0ihIEF2isfFJU.woff2 → 200 (27ms, 18063B)
[2026-10-08T06:25:38.298Z] GET https://fonts.gstatic.com/s/michroma/v21/PN_zRfy9qWD8fEagAPg9pTk.woff2 → 200 (26ms, 18035B)
[2026-10-08T06:25:38.298Z] GET https://fonts.gstatic.com/s/sharetechmono/v16/J7aHnp1uDWRBEqV98dVQztYldFcLowEF.woff2 → 200 (28ms, 13618B)
[2026-10-08T06:25:39.857Z] GET http://localhost:8765/concepts/cybercore.html → 200 (2ms, -188B)
[2026-10-08T06:25:39.874Z] GET https://fonts.googleapis.com/css2?family=Michroma&family=VT323&family=Share+Tech+Mono&display=swap → 200 (?ms, -743B)
[2026-10-08T06:25:39.874Z] GET http://localhost:8765/js/concepts.js → 200 (2ms, -193B)
[2026-10-08T06:25:39.876Z] GET http://localhost:8765/img/logo/Full_Logo.svg → 200 (?ms, -191B)
[2026-10-08T06:25:39.876Z] GET http://localhost:8765/img/photo/mothnode-pcba-bench.jpg → 200 (?ms, -190B)
[2026-10-08T06:25:39.901Z] GET http://localhost:8765/img/photo/mothnode-enclosure.jpg → 200 (1ms, -190B)
[2026-10-08T06:25:39.903Z] GET http://localhost:8765/img/photo/bench-wide.jpg → 200 (4ms, -190B)
[2026-10-08T06:25:39.908Z] GET https://fonts.gstatic.com/s/michroma/v21/PN_zRfy9qWD8fEagAPg9pTk.woff2 → 200 (?ms, -815B)
[2026-10-08T06:25:39.908Z] GET https://fonts.gstatic.com/s/sharetechmono/v16/J7aHnp1uDWRBEqV98dVQztYldFcLowEF.woff2 → 200 (?ms, -815B)
[2026-10-08T06:25:39.909Z] GET https://fonts.gstatic.com/s/vt323/v18/pxiKyp0ihIEF2isfFJU.woff2 → 200 (?ms, -815B)
[2026-10-08T06:25:42.191Z] GET http://localhost:8765/concepts/neobrutalism.html → 200 (8ms, 20616B)
[2026-10-08T06:25:42.210Z] GET https://fonts.googleapis.com/css2?family=Archivo+Black&family=Space+Grotesk:wght@500;700&family=Space+Mono:wght@400;700&display=swap → 200 (20ms, 705B)
[2026-10-08T06:25:42.210Z] GET http://localhost:8765/js/concepts.js → 304 (6ms, ?B)
[2026-10-08T06:25:42.210Z] GET http://localhost:8765/img/logo/Full_Logo.svg → 200 (?ms, -191B)
[2026-10-08T06:25:42.211Z] GET http://localhost:8765/img/photo/mothnode-pcba-bench.jpg → 200 (?ms, -190B)
[2026-10-08T06:25:42.241Z] GET http://localhost:8765/img/photo/mothnode-enclosure.jpg → 200 (?ms, -190B)
[2026-10-08T06:25:42.241Z] GET http://localhost:8765/img/photo/bench-wide.jpg → 200 (?ms, -190B)
[2026-10-08T06:25:42.292Z] GET https://fonts.gstatic.com/s/spacemono/v17/i7dMIFZifjKcF5UAWdDRaPpZUFWaHg.woff2 → 200 (37ms, 16753B)
[2026-10-08T06:25:42.292Z] GET https://fonts.gstatic.com/s/archivoblack/v23/HTxqL289NzCGg4MzN6KJ7eW6CYyF_g.woff2 → 200 (38ms, 18633B)
[2026-10-08T06:25:42.292Z] GET https://fonts.gstatic.com/s/spacegrotesk/v22/V8mDoQDjQSkFtoMM3T6r8E7mPbF4Cw.woff2 → 200 (38ms, 22317B)
[2026-10-08T06:25:43.771Z] GET http://localhost:8765/concepts/neobrutalism.html → 200 (1ms, -188B)
[2026-10-08T06:25:43.782Z] GET https://fonts.googleapis.com/css2?family=Archivo+Black&family=Space+Grotesk:wght@500;700&family=Space+Mono:wght@400;700&display=swap → 200 (?ms, -743B)
[2026-10-08T06:25:43.789Z] GET http://localhost:8765/js/concepts.js → 200 (?ms, -193B)
[2026-10-08T06:25:43.789Z] GET http://localhost:8765/img/logo/Full_Logo.svg → 200 (?ms, -191B)
[2026-10-08T06:25:43.790Z] GET http://localhost:8765/img/photo/mothnode-pcba-bench.jpg → 200 (?ms, -190B)
[2026-10-08T06:25:43.791Z] GET http://localhost:8765/img/photo/mothnode-enclosure.jpg → 200 (?ms, -190B)
[2026-10-08T06:25:43.791Z] GET http://localhost:8765/img/photo/bench-wide.jpg → 200 (?ms, -190B)
[2026-10-08T06:25:43.809Z] GET https://fonts.gstatic.com/s/archivoblack/v23/HTxqL289NzCGg4MzN6KJ7eW6CYyF_g.woff2 → 200 (?ms, -815B)
[2026-10-08T06:25:43.809Z] GET https://fonts.gstatic.com/s/spacegrotesk/v22/V8mDoQDjQSkFtoMM3T6r8E7mPbF4Cw.woff2 → 200 (?ms, -815B)
[2026-10-08T06:25:43.809Z] GET https://fonts.gstatic.com/s/spacemono/v17/i7dMIFZifjKcF5UAWdDRaPpZUFWaHg.woff2 → 200 (?ms, -815B)
[2026-10-08T06:25:46.721Z] GET http://localhost:8765/concepts/surrealism.html → 200 (7ms, 26651B)
[2026-10-08T06:25:46.738Z] GET https://fonts.googleapis.com/css2?family=Cormorant+Garamond:ital,wght@0,400;0,500;0,600;1,400;1,500&family=Italiana&family=Courier+Prime&display=swap → 200 (23ms, 861B)
[2026-10-08T06:25:46.738Z] GET http://localhost:8765/js/concepts.js → 304 (4ms, ?B)
[2026-10-08T06:25:46.738Z] GET http://localhost:8765/img/logo/Full_Logo.svg → 200 (?ms, -191B)
[2026-10-08T06:25:46.738Z] GET http://localhost:8765/img/photo/mothnode-pcba-bench.jpg → 200 (?ms, -190B)
[2026-10-08T06:25:46.770Z] GET http://localhost:8765/img/photo/mothnode-enclosure.jpg → 200 (?ms, -190B)
[2026-10-08T06:25:46.770Z] GET http://localhost:8765/img/photo/bench-wide.jpg → 200 (?ms, -190B)
[2026-10-08T06:25:46.810Z] GET https://fonts.gstatic.com/s/courierprime/v11/u-450q2lgwslOqpF_6gQ8kELawFpWg.woff2 → 200 (21ms, 18669B)
[2026-10-08T06:25:46.810Z] GET https://fonts.gstatic.com/s/italiana/v21/QldNNTtLsx4E__B0XQmWaXw.woff2 → 200 (42ms, 10127B)
[2026-10-08T06:25:46.810Z] GET https://fonts.gstatic.com/s/cormorantgaramond/v21/co3ZmX5slCNuHLi8bLeY9MK7whWMhyjYrEtImSo.woff2 → 200 (42ms, 39292B)
[2026-10-08T06:25:46.810Z] GET https://fonts.gstatic.com/s/cormorantgaramond/v21/co3bmX5slCNuHLi8bLeY9MK7whWMhyjYqXtK.woff2 → 200 (43ms, 37672B)
[2026-10-08T06:25:48.297Z] GET http://localhost:8765/concepts/surrealism.html → 200 (3ms, -188B)
[2026-10-08T06:25:48.314Z] GET https://fonts.googleapis.com/css2?family=Cormorant+Garamond:ital,wght@0,400;0,500;0,600;1,400;1,500&family=Italiana&family=Courier+Prime&display=swap → 200 (?ms, -743B)
[2026-10-08T06:25:48.314Z] GET http://localhost:8765/js/concepts.js → 200 (?ms, -193B)
[2026-10-08T06:25:48.314Z] GET http://localhost:8765/img/logo/Full_Logo.svg → 200 (?ms, -191B)
[2026-10-08T06:25:48.315Z] GET http://localhost:8765/img/photo/mothnode-pcba-bench.jpg → 200 (?ms, -190B)
[2026-10-08T06:25:48.316Z] GET http://localhost:8765/img/photo/mothnode-enclosure.jpg → 200 (?ms, -190B)
[2026-10-08T06:25:48.316Z] GET http://localhost:8765/img/photo/bench-wide.jpg → 200 (?ms, -190B)
[2026-10-08T06:25:48.331Z] GET https://fonts.gstatic.com/s/cormorantgaramond/v21/co3ZmX5slCNuHLi8bLeY9MK7whWMhyjYrEtImSo.woff2 → 200 (2ms, -815B)
[2026-10-08T06:25:48.333Z] GET https://fonts.gstatic.com/s/cormorantgaramond/v21/co3bmX5slCNuHLi8bLeY9MK7whWMhyjYqXtK.woff2 → 200 (?ms, -815B)
[2026-10-08T06:25:48.333Z] GET https://fonts.gstatic.com/s/courierprime/v11/u-450q2lgwslOqpF_6gQ8kELawFpWg.woff2 → 200 (?ms, -815B)
[2026-10-08T06:25:48.333Z] GET https://fonts.gstatic.com/s/italiana/v21/QldNNTtLsx4E__B0XQmWaXw.woff2 → 200 (?ms, -815B)
[2026-10-08T06:25:50.489Z] GET http://localhost:8765/concepts/pixel.html → 200 (8ms, 25005B)
[2026-10-08T06:25:50.510Z] GET https://fonts.googleapis.com/css2?family=Press+Start+2P&family=Pixelify+Sans:wght@400;600&display=swap → 200 (16ms, 658B)
[2026-10-08T06:25:50.510Z] GET http://localhost:8765/js/concepts.js → 304 (1ms, ?B)
[2026-10-08T06:25:50.510Z] GET http://localhost:8765/img/logo/Full_Logo.svg → 200 (?ms, -191B)
[2026-10-08T06:25:50.511Z] GET http://localhost:8765/img/photo/mothnode-pcba-bench.jpg → 200 (?ms, -190B)
[2026-10-08T06:25:50.554Z] GET http://localhost:8765/img/photo/mothnode-enclosure.jpg → 200 (?ms, -190B)
[2026-10-08T06:25:50.555Z] GET https://fonts.gstatic.com/s/pressstart2p/v16/e3t4euO8T-267oIAQAu6jDQyK3nVivM.woff2 → 200 (24ms, 12539B)
[2026-10-08T06:25:50.555Z] GET https://fonts.gstatic.com/s/pixelifysans/v3/CHylV-3HFUT7aC4iv1TxGDR9Jn0Eiw.woff2 → 200 (24ms, 12043B)
[2026-10-08T06:25:52.105Z] GET http://localhost:8765/concepts/pixel.html → 200 (2ms, -188B)
[2026-10-08T06:25:52.119Z] GET https://fonts.googleapis.com/css2?family=Press+Start+2P&family=Pixelify+Sans:wght@400;600&display=swap → 200 (1ms, -743B)
[2026-10-08T06:25:52.120Z] GET http://localhost:8765/js/concepts.js → 200 (?ms, -193B)
[2026-10-08T06:25:52.121Z] GET http://localhost:8765/img/logo/Full_Logo.svg → 200 (?ms, -191B)
[2026-10-08T06:25:52.121Z] GET http://localhost:8765/img/photo/mothnode-pcba-bench.jpg → 200 (?ms, -190B)
[2026-10-08T06:25:52.128Z] GET http://localhost:8765/img/photo/mothnode-enclosure.jpg → 200 (?ms, -190B)
[2026-10-08T06:25:52.128Z] GET https://fonts.gstatic.com/s/pixelifysans/v3/CHylV-3HFUT7aC4iv1TxGDR9Jn0Eiw.woff2 → 200 (?ms, -815B)
[2026-10-08T06:25:52.129Z] GET https://fonts.gstatic.com/s/pressstart2p/v16/e3t4euO8T-267oIAQAu6jDQyK3nVivM.woff2 → 200 (?ms, -815B)
[2026-10-08T06:25:54.125Z] GET http://localhost:8765/concepts/synthwave.html → 200 (7ms, 25683B)
[2026-10-08T06:25:54.143Z] GET https://fonts.googleapis.com/css2?family=Monoton&family=Orbitron:wght@500;700;900&family=Mr+Dafoe&family=IBM+Plex+Mono:wght@400;500&display=swap → 200 (22ms, 818B)
[2026-10-08T06:25:54.143Z] GET http://localhost:8765/js/concepts.js → 304 (3ms, ?B)
[2026-10-08T06:25:54.143Z] GET http://localhost:8765/img/logo/Full_Logo.svg → 200 (?ms, -191B)
[2026-10-08T06:25:54.174Z] GET http://localhost:8765/img/photo/mothnode-enclosure.jpg → 200 (?ms, -190B)
[2026-10-08T06:25:54.174Z] GET http://localhost:8765/img/photo/bench-wide.jpg → 200 (?ms, -190B)
[2026-10-08T06:25:54.219Z] GET https://fonts.gstatic.com/s/orbitron/v35/yMJRMIlzdpvBhQQL_Qq7dy0.woff2 → 200 (37ms, 11833B)
[2026-10-08T06:25:54.219Z] GET https://fonts.gstatic.com/s/mrdafoe/v15/lJwE-pIzkS5NXuMMrFitibI.woff2 → 200 (30ms, 17373B)
[2026-10-08T06:25:54.219Z] GET https://fonts.gstatic.com/s/ibmplexmono/v20/-F63fjptAgt5VM-kVkqdyU8n1i8q1w.woff2 → 200 (38ms, 14743B)
[2026-10-08T06:25:54.219Z] GET https://fonts.gstatic.com/s/monoton/v22/5h1aiZUrOngCibe4TkHLQg.woff2 → 200 (37ms, 16525B)
[2026-10-08T06:25:54.219Z] GET https://fonts.gstatic.com/s/ibmplexmono/v20/-F6qfjptAgt5VM-kVkqdyU8n3twJwlBFgg.woff2 → 200 (28ms, 14915B)
[2026-10-08T06:25:55.721Z] GET http://localhost:8765/concepts/synthwave.html → 200 (2ms, -188B)
[2026-10-08T06:25:55.772Z] GET https://fonts.googleapis.com/css2?family=Monoton&family=Orbitron:wght@500;700;900&family=Mr+Dafoe&family=IBM+Plex+Mono:wght@400;500&display=swap → 200 (?ms, -743B)
[2026-10-08T06:25:55.773Z] GET http://localhost:8765/js/concepts.js → 200 (?ms, -193B)
[2026-10-08T06:25:55.773Z] GET http://localhost:8765/img/logo/Full_Logo.svg → 200 (?ms, -191B)
[2026-10-08T06:25:55.780Z] GET http://localhost:8765/img/photo/mothnode-enclosure.jpg → 200 (?ms, -190B)
[2026-10-08T06:25:55.781Z] GET http://localhost:8765/img/photo/bench-wide.jpg → 200 (?ms, -190B)
[2026-10-08T06:25:55.800Z] GET https://fonts.gstatic.com/s/ibmplexmono/v20/-F63fjptAgt5VM-kVkqdyU8n1i8q1w.woff2 → 200 (1ms, -815B)
[2026-10-08T06:25:55.801Z] GET https://fonts.gstatic.com/s/ibmplexmono/v20/-F6qfjptAgt5VM-kVkqdyU8n3twJwlBFgg.woff2 → 200 (?ms, -815B)
[2026-10-08T06:25:55.801Z] GET https://fonts.gstatic.com/s/monoton/v22/5h1aiZUrOngCibe4TkHLQg.woff2 → 200 (?ms, -815B)
[2026-10-08T06:25:55.801Z] GET https://fonts.gstatic.com/s/mrdafoe/v15/lJwE-pIzkS5NXuMMrFitibI.woff2 → 200 (?ms, -815B)
[2026-10-08T06:25:55.802Z] GET https://fonts.gstatic.com/s/orbitron/v35/yMJRMIlzdpvBhQQL_Qq7dy0.woff2 → 200 (?ms, -815B)
[2026-10-08T06:25:58.021Z] GET http://localhost:8765/concepts/glassmorphism.html → 200 (7ms, 25218B)
[2026-10-08T06:25:58.037Z] GET https://fonts.googleapis.com/css2?family=Plus+Jakarta+Sans:wght@400;500;600;700;800&family=Geist+Mono:wght@400;500&display=swap → 200 (33ms, 855B)
[2026-10-08T06:25:58.037Z] GET http://localhost:8765/js/concepts.js → 304 (5ms, ?B)
[2026-10-08T06:25:58.037Z] GET http://localhost:8765/img/logo/Full_Logo.svg → 200 (1ms, -191B)
[2026-10-08T06:25:58.039Z] GET http://localhost:8765/img/photo/mothnode-pcba-bench.jpg → 200 (?ms, -190B)
[2026-10-08T06:25:58.071Z] GET http://localhost:8765/img/photo/mothnode-enclosure.jpg → 200 (?ms, -190B)
[2026-10-08T06:25:58.071Z] GET http://localhost:8765/img/photo/bench-wide.jpg → 200 (?ms, -190B)
[2026-10-08T06:25:58.124Z] GET https://fonts.gstatic.com/s/geistmono/v6/or3nQ6H-1_WfwkMZI_qYFrcdmg.woff2 → 200 (40ms, 23165B)
[2026-10-08T06:25:58.124Z] GET https://fonts.gstatic.com/s/plusjakartasans/v12/LDIoaomQNQcsA88c7O9yZ4KMCoOg4Ko20yw.woff2 → 200 (40ms, 27385B)
[2026-10-08T06:25:59.612Z] GET http://localhost:8765/concepts/glassmorphism.html → 200 (2ms, -188B)
[2026-10-08T06:25:59.666Z] GET https://fonts.googleapis.com/css2?family=Plus+Jakarta+Sans:wght@400;500;600;700;800&family=Geist+Mono:wght@400;500&display=swap → 200 (?ms, -743B)
[2026-10-08T06:25:59.667Z] GET http://localhost:8765/js/concepts.js → 200 (9ms, -193B)
[2026-10-08T06:25:59.676Z] GET http://localhost:8765/img/logo/Full_Logo.svg → 200 (?ms, -191B)
[2026-10-08T06:25:59.676Z] GET http://localhost:8765/img/photo/mothnode-pcba-bench.jpg → 200 (?ms, -190B)
[2026-10-08T06:25:59.678Z] GET http://localhost:8765/img/photo/mothnode-enclosure.jpg → 200 (?ms, -190B)
[2026-10-08T06:25:59.678Z] GET http://localhost:8765/img/photo/bench-wide.jpg → 200 (?ms, -190B)
[2026-10-08T06:25:59.709Z] GET https://fonts.gstatic.com/s/geistmono/v6/or3nQ6H-1_WfwkMZI_qYFrcdmg.woff2 → 200 (?ms, -815B)
[2026-10-08T06:25:59.709Z] GET https://fonts.gstatic.com/s/plusjakartasans/v12/LDIoaomQNQcsA88c7O9yZ4KMCoOg4Ko20yw.woff2 → 200 (?ms, -815B)
[2026-10-08T06:26:02.258Z] GET http://localhost:8765/concepts/neumorphism.html → 200 (7ms, 23564B)
[2026-10-08T06:26:02.275Z] GET https://fonts.googleapis.com/css2?family=Manrope:wght@400;500;600;700;800&family=JetBrains+Mono:wght@400;500&display=swap → 200 (31ms, 933B)
[2026-10-08T06:26:02.275Z] GET http://localhost:8765/js/concepts.js → 304 (5ms, ?B)
[2026-10-08T06:26:02.275Z] GET http://localhost:8765/img/logo/Full_Logo.svg → 200 (2ms, -191B)
[2026-10-08T06:26:02.277Z] GET http://localhost:8765/img/photo/mothnode-pcba-bench.jpg → 200 (?ms, -190B)
[2026-10-08T06:26:02.307Z] GET http://localhost:8765/img/photo/mothnode-enclosure.jpg → 200 (?ms, -190B)
[2026-10-08T06:26:02.308Z] GET http://localhost:8765/img/photo/bench-wide.jpg → 200 (?ms, -190B)
[2026-10-08T06:26:02.355Z] GET https://fonts.gstatic.com/s/jetbrainsmono/v24/tDbv2o-flEEny0FZhsfKu5WU4zr3E_BX0PnT8RD8yKwBNntkaToggR7BYRbKPxDcwg.woff2 → 200 (23ms, 31469B)
[2026-10-08T06:26:02.355Z] GET https://fonts.gstatic.com/s/manrope/v20/xn7gYHE41ni1AdIRggexSg.woff2 → 200 (22ms, 24873B)
[2026-10-08T06:26:03.820Z] GET http://localhost:8765/concepts/neumorphism.html → 200 (3ms, -188B)
[2026-10-08T06:26:03.839Z] GET https://fonts.googleapis.com/css2?family=Manrope:wght@400;500;600;700;800&family=JetBrains+Mono:wght@400;500&display=swap → 200 (?ms, -743B)
[2026-10-08T06:26:03.839Z] GET http://localhost:8765/js/concepts.js → 200 (1ms, -193B)
[2026-10-08T06:26:03.841Z] GET http://localhost:8765/img/logo/Full_Logo.svg → 200 (?ms, -191B)
[2026-10-08T06:26:03.841Z] GET http://localhost:8765/img/photo/mothnode-pcba-bench.jpg → 200 (?ms, -190B)
[2026-10-08T06:26:03.843Z] GET http://localhost:8765/img/photo/mothnode-enclosure.jpg → 200 (?ms, -190B)
[2026-10-08T06:26:03.844Z] GET http://localhost:8765/img/photo/bench-wide.jpg → 200 (?ms, -190B)
[2026-10-08T06:26:03.889Z] GET https://fonts.gstatic.com/s/jetbrainsmono/v24/tDbv2o-flEEny0FZhsfKu5WU4zr3E_BX0PnT8RD8yKwBNntkaToggR7BYRbKPxDcwg.woff2 → 200 (?ms, -815B)
[2026-10-08T06:26:03.889Z] GET https://fonts.gstatic.com/s/manrope/v20/xn7gYHE41ni1AdIRggexSg.woff2 → 200 (1ms, -815B)
[2026-10-08T06:26:05.958Z] GET http://localhost:8765/concepts/bento.html → 200 (7ms, 22475B)
[2026-10-08T06:26:05.976Z] GET https://fonts.googleapis.com/css2?family=Inter+Tight:wght@400;500;600;700;800&family=Geist+Mono:wght@400;500&display=swap → 200 (20ms, 973B)
[2026-10-08T06:26:05.976Z] GET http://localhost:8765/js/concepts.js → 200 (?ms, -193B)
[2026-10-08T06:26:05.976Z] GET http://localhost:8765/img/logo/Full_Logo.svg → 200 (?ms, -191B)
[2026-10-08T06:26:05.976Z] GET http://localhost:8765/img/photo/mothnode-pcba-bench.jpg → 200 (?ms, -190B)
[2026-10-08T06:26:05.997Z] GET http://localhost:8765/img/photo/mothnode-enclosure.jpg → 200 (?ms, -190B)
[2026-10-08T06:26:05.997Z] GET http://localhost:8765/img/photo/bench-wide.jpg → 200 (?ms, -190B)
[2026-10-08T06:26:06.067Z] GET https://fonts.gstatic.com/s/geistmono/v6/or3nQ6H-1_WfwkMZI_qYFrcdmg.woff2 → 200 (1ms, -815B)
[2026-10-08T06:26:06.068Z] GET https://fonts.gstatic.com/s/intertight/v9/NGSwv5HMAFg6IuGlBNMjxLsH8ag.woff2 → 200 (22ms, 44912B)
[2026-10-08T06:26:07.582Z] GET http://localhost:8765/concepts/bento.html → 200 (2ms, -188B)
[2026-10-08T06:26:07.592Z] GET https://fonts.googleapis.com/css2?family=Inter+Tight:wght@400;500;600;700;800&family=Geist+Mono:wght@400;500&display=swap → 200 (5ms, -743B)
[2026-10-08T06:26:07.597Z] GET http://localhost:8765/js/concepts.js → 304 (2ms, ?B)
[2026-10-08T06:26:07.597Z] GET http://localhost:8765/img/logo/Full_Logo.svg → 200 (?ms, -191B)
[2026-10-08T06:26:07.598Z] GET http://localhost:8765/img/photo/mothnode-pcba-bench.jpg → 200 (?ms, -190B)
[2026-10-08T06:26:07.600Z] GET http://localhost:8765/img/photo/mothnode-enclosure.jpg → 200 (1ms, -190B)
[2026-10-08T06:26:07.601Z] GET http://localhost:8765/img/photo/bench-wide.jpg → 200 (?ms, -190B)
[2026-10-08T06:26:07.656Z] GET https://fonts.gstatic.com/s/geistmono/v6/or3nQ6H-1_WfwkMZI_qYFrcdmg.woff2 → 200 (?ms, -815B)
[2026-10-08T06:26:07.656Z] GET https://fonts.gstatic.com/s/intertight/v9/NGSwv5HMAFg6IuGlBNMjxLsH8ag.woff2 → 200 (?ms, -815B)
[2026-10-08T06:26:09.612Z] GET http://localhost:8765/concepts/swiss.html → 200 (7ms, 19797B)
[2026-10-08T06:26:09.628Z] GET https://fonts.googleapis.com/css2?family=Inter:wght@400;500;700;900&display=swap → 200 (24ms, 771B)
[2026-10-08T06:26:09.629Z] GET http://localhost:8765/js/concepts.js → 200 (?ms, -193B)
[2026-10-08T06:26:09.629Z] GET http://localhost:8765/img/logo/Full_Logo.svg → 200 (?ms, -191B)
[2026-10-08T06:26:09.629Z] GET http://localhost:8765/img/photo/bench-wide.jpg → 200 (?ms, -190B)
[2026-10-08T06:26:09.658Z] GET http://localhost:8765/img/photo/mothnode-enclosure.jpg → 200 (1ms, -190B)
[2026-10-08T06:26:11.200Z] GET http://localhost:8765/concepts/swiss.html → 200 (1ms, -188B)
[2026-10-08T06:26:11.216Z] GET https://fonts.googleapis.com/css2?family=Inter:wght@400;500;700;900&display=swap → 200 (?ms, -743B)
[2026-10-08T06:26:11.216Z] GET http://localhost:8765/js/concepts.js → 200 (1ms, -193B)
[2026-10-08T06:26:11.217Z] GET http://localhost:8765/img/logo/Full_Logo.svg → 200 (?ms, -191B)
[2026-10-08T06:26:11.217Z] GET http://localhost:8765/img/photo/bench-wide.jpg → 200 (?ms, -190B)
[2026-10-08T06:26:11.218Z] GET http://localhost:8765/img/photo/mothnode-enclosure.jpg → 200 (?ms, -190B)
[2026-10-08T06:26:13.212Z] GET http://localhost:8765/concepts/minimal.html → 200 (8ms, 14666B)
[2026-10-08T06:26:13.232Z] GET https://fonts.googleapis.com/css2?family=Inter:wght@300;400;500&display=swap → 200 (25ms, 734B)
[2026-10-08T06:26:13.232Z] GET http://localhost:8765/js/concepts.js → 304 (5ms, ?B)
[2026-10-08T06:26:13.232Z] GET http://localhost:8765/img/logo/Full_Logo.svg → 200 (?ms, -191B)
[2026-10-08T06:26:13.258Z] GET http://localhost:8765/img/photo/mothnode-enclosure.jpg → 200 (?ms, -190B)
[2026-10-08T06:26:13.298Z] GET https://fonts.gstatic.com/s/inter/v20/UcC73FwrK3iLTeHuS_nVMrMxCp50SjIa1ZL7.woff2 → 200 (58ms, 48296B)
[2026-10-08T06:26:14.748Z] GET http://localhost:8765/concepts/minimal.html → 200 (1ms, -188B)
[2026-10-08T06:26:14.757Z] GET https://fonts.googleapis.com/css2?family=Inter:wght@300;400;500&display=swap → 200 (?ms, -743B)
[2026-10-08T06:26:14.758Z] GET http://localhost:8765/js/concepts.js → 200 (?ms, -193B)
[2026-10-08T06:26:14.758Z] GET http://localhost:8765/img/logo/Full_Logo.svg → 200 (?ms, -191B)
[2026-10-08T06:26:14.766Z] GET http://localhost:8765/img/photo/mothnode-enclosure.jpg → 200 (?ms, -190B)
[2026-10-08T06:26:14.789Z] GET https://fonts.gstatic.com/s/inter/v20/UcC73FwrK3iLTeHuS_nVMrMxCp50SjIa1ZL7.woff2 → 200 (?ms, -815B)
[2026-10-08T06:26:16.728Z] GET http://localhost:8765/concepts/luxury.html → 200 (8ms, 20833B)
[2026-10-08T06:26:16.746Z] GET https://fonts.googleapis.com/css2?family=Bodoni+Moda:ital,opsz,wght@0,6..96,400;0,6..96,500;0,6..96,700;1,6..96,400;1,6..96,500&family=Cormorant+SC:wght@400;500&family=Jost:wght@300;400&display=swap → 200 (29ms, 1917B)
[2026-10-08T06:26:16.746Z] GET http://localhost:8765/js/concepts.js → 200 (?ms, -193B)
[2026-10-08T06:26:16.746Z] GET http://localhost:8765/img/logo/Full_Logo.svg → 200 (?ms, -191B)
[2026-10-08T06:26:16.746Z] GET http://localhost:8765/img/photo/bench-wide.jpg → 200 (?ms, -190B)
[2026-10-08T06:26:16.825Z] GET http://localhost:8765/img/photo/mothnode-enclosure.jpg → 200 (?ms, -190B)
[2026-10-08T06:26:16.825Z] GET http://localhost:8765/img/photo/mothnode-pcba-bench.jpg → 200 (?ms, -190B)
[2026-10-08T06:26:16.825Z] GET https://fonts.gstatic.com/s/cormorantsc/v19/0ybmGD4kxqXBmOVLG30OGwsmWBMk-hfz.woff2 → 200 (22ms, 20945B)
[2026-10-08T06:26:16.825Z] GET https://fonts.gstatic.com/s/bodonimoda/v28/aFTQ7PxzY382XsXX63LUYJSKSKg.woff2 → 200 (60ms, 46300B)
[2026-10-08T06:26:16.825Z] GET https://fonts.gstatic.com/s/bodonimoda/v28/aFTS7PxzY382XsXX63LUYJSPeKrcWw.woff2 → 200 (78ms, 53798B)
[2026-10-08T06:26:16.825Z] GET https://fonts.gstatic.com/s/jost/v20/92zatBhPNqw73oTd4g.woff2 → 200 (61ms, 26613B)
[2026-10-08T06:26:19.341Z] GET http://localhost:8765/concepts/luxury.html → 200 (2ms, -188B)
[2026-10-08T06:26:19.360Z] GET https://fonts.googleapis.com/css2?family=Bodoni+Moda:ital,opsz,wght@0,6..96,400;0,6..96,500;0,6..96,700;1,6..96,400;1,6..96,500&family=Cormorant+SC:wght@400;500&family=Jost:wght@300;400&display=swap → 200 (?ms, -743B)
[2026-10-08T06:26:19.361Z] GET http://localhost:8765/js/concepts.js → 304 (?ms, ?B)
[2026-10-08T06:26:19.361Z] GET http://localhost:8765/img/logo/Full_Logo.svg → 200 (?ms, -191B)
[2026-10-08T06:26:19.361Z] GET http://localhost:8765/img/photo/bench-wide.jpg → 200 (?ms, -190B)
[2026-10-08T06:26:19.380Z] GET http://localhost:8765/img/photo/mothnode-enclosure.jpg → 200 (?ms, ?B)
[2026-10-08T06:26:19.380Z] GET http://localhost:8765/img/photo/mothnode-pcba-bench.jpg → 200 (?ms, ?B)
[2026-10-08T06:26:19.382Z] GET https://fonts.gstatic.com/s/bodonimoda/v28/aFTS7PxzY382XsXX63LUYJSPeKrcWw.woff2 → 200 (?ms, ?B)
[2026-10-08T06:26:19.382Z] GET https://fonts.gstatic.com/s/bodonimoda/v28/aFTQ7PxzY382XsXX63LUYJSKSKg.woff2 → 200 (?ms, ?B)
[2026-10-08T06:26:19.382Z] GET https://fonts.gstatic.com/s/cormorantsc/v19/0ybmGD4kxqXBmOVLG30OGwsmWBMk-hfz.woff2 → 200 (?ms, ?B)
[2026-10-08T06:26:19.383Z] GET https://fonts.gstatic.com/s/jost/v20/92zatBhPNqw73oTd4g.woff2 → 200 (?ms, ?B)
[2026-10-08T06:26:21.578Z] GET http://localhost:8765/concepts/sketch.html → 200 (18ms, 24409B)
[2026-10-08T06:26:21.599Z] GET https://fonts.googleapis.com/css2?family=Caveat:wght@500;700&family=Architects+Daughter&family=Kalam:wght@300;400;700&display=swap → 200 (25ms, 805B)
[2026-10-08T06:26:21.599Z] GET http://localhost:8765/js/concepts.js → 200 (7ms, -193B)
[2026-10-08T06:26:21.606Z] GET http://localhost:8765/img/logo/Full_Logo.svg → 200 (1ms, -191B)
[2026-10-08T06:26:21.607Z] GET http://localhost:8765/img/photo/mothnode-pcba-bench.jpg → 200 (?ms, -190B)
[2026-10-08T06:26:21.626Z] GET http://localhost:8765/img/photo/mothnode-enclosure.jpg → 200 (?ms, -190B)
[2026-10-08T06:26:21.626Z] GET http://localhost:8765/img/photo/bench-wide.jpg → 200 (1ms, -190B)
[2026-10-08T06:26:21.703Z] GET https://fonts.gstatic.com/s/architectsdaughter/v20/KtkxAKiDZI_td1Lkx62xHZHDtgO_Y-bvTYlg4w.woff2 → 200 (44ms, 13191B)
[2026-10-08T06:26:21.703Z] GET https://fonts.gstatic.com/s/kalam/v18/YA9Qr0Wd4kDdMtDqHTLMkiQ.woff2 → 200 (45ms, 22181B)
[2026-10-08T06:26:21.703Z] GET https://fonts.gstatic.com/s/kalam/v18/YA9dr0Wd4kDdMthROCc.woff2 → 200 (45ms, 22373B)
[2026-10-08T06:26:21.704Z] GET https://fonts.gstatic.com/s/caveat/v23/Wnz6HAc5bAfYB2Q7ZjYY.woff2 → 200 (72ms, 74977B)
[2026-10-08T06:26:23.158Z] GET http://localhost:8765/concepts/sketch.html → 200 (2ms, -188B)
[2026-10-08T06:26:23.175Z] GET https://fonts.googleapis.com/css2?family=Caveat:wght@500;700&family=Architects+Daughter&family=Kalam:wght@300;400;700&display=swap → 200 (?ms, -743B)
[2026-10-08T06:26:23.176Z] GET http://localhost:8765/js/concepts.js → 200 (?ms, -193B)
[2026-10-08T06:26:23.176Z] GET http://localhost:8765/img/logo/Full_Logo.svg → 200 (1ms, -191B)
[2026-10-08T06:26:23.177Z] GET http://localhost:8765/img/photo/mothnode-pcba-bench.jpg → 200 (?ms, -190B)
[2026-10-08T06:26:23.177Z] GET http://localhost:8765/img/photo/mothnode-enclosure.jpg → 200 (?ms, -190B)
[2026-10-08T06:26:23.177Z] GET http://localhost:8765/img/photo/bench-wide.jpg → 200 (?ms, -190B)
[2026-10-08T06:26:23.209Z] GET https://fonts.gstatic.com/s/architectsdaughter/v20/KtkxAKiDZI_td1Lkx62xHZHDtgO_Y-bvTYlg4w.woff2 → 200 (?ms, -815B)
[2026-10-08T06:26:23.209Z] GET https://fonts.gstatic.com/s/caveat/v23/Wnz6HAc5bAfYB2Q7ZjYY.woff2 → 200 (?ms, -815B)
[2026-10-08T06:26:23.209Z] GET https://fonts.gstatic.com/s/kalam/v18/YA9dr0Wd4kDdMthROCc.woff2 → 200 (1ms, -815B)
[2026-10-08T06:26:23.210Z] GET https://fonts.gstatic.com/s/kalam/v18/YA9Qr0Wd4kDdMtDqHTLMkiQ.woff2 → 200 (?ms, -815B)
[2026-10-08T06:26:25.214Z] GET http://localhost:8765/concepts/bohemian.html → 200 (6ms, 24764B)
[2026-10-08T06:26:25.228Z] GET https://fonts.googleapis.com/css2?family=Fraunces:ital,opsz,wght,SOFT@0,9..144,300..800,100;1,9..144,300..700,100&family=Homemade+Apple&family=Karla:wght@400;500;700&display=swap → 200 (27ms, 764B)
[2026-10-08T06:26:25.229Z] GET http://localhost:8765/js/concepts.js → 200 (?ms, -193B)
[2026-10-08T06:26:25.229Z] GET http://localhost:8765/img/logo/Full_Logo.svg → 200 (?ms, -191B)
[2026-10-08T06:26:25.229Z] GET http://localhost:8765/img/photo/bench-wide.jpg → 200 (?ms, -190B)
[2026-10-08T06:26:25.261Z] GET http://localhost:8765/img/photo/mothnode-enclosure.jpg → 200 (?ms, -190B)
[2026-10-08T06:26:25.261Z] GET http://localhost:8765/img/photo/mothnode-pcba-bench.jpg → 200 (?ms, -190B)
[2026-10-08T06:26:25.299Z] GET https://fonts.gstatic.com/s/karla/v33/qkB9XvYC6trAT55ZBi1ueQVIjQTD-JrIH2G7nytkHRyQ8p4wUje6bg.woff2 → 200 (19ms, 24357B)
[2026-10-08T06:26:25.299Z] GET https://fonts.gstatic.com/s/fraunces/v38/6NU78FyLNQOQZAnv9bYEvDiIdE9Ea92usiIk_WBq8U_9v0c2Wa0KxC9TeA.woff2 → 200 (45ms, 62426B)
[2026-10-08T06:26:25.299Z] GET https://fonts.gstatic.com/s/fraunces/v38/6NU58FyLNQOQZAnv9ZwNjucMHVn85Ni7emDWtFKqZTnbB-gzTK0K1ChjeveQ.woff2 → 200 (45ms, 79261B)
[2026-10-08T06:26:25.299Z] GET https://fonts.gstatic.com/s/homemadeapple/v24/Qw3EZQFXECDrI2q789EKQZJob0x6XHg.woff2 → 200 (30ms, 48384B)
[2026-10-08T06:26:26.784Z] GET http://localhost:8765/concepts/bohemian.html → 200 (2ms, -188B)
[2026-10-08T06:26:26.801Z] GET https://fonts.googleapis.com/css2?family=Fraunces:ital,opsz,wght,SOFT@0,9..144,300..800,100;1,9..144,300..700,100&family=Homemade+Apple&family=Karla:wght@400;500;700&display=swap → 200 (?ms, -743B)
[2026-10-08T06:26:26.802Z] GET http://localhost:8765/js/concepts.js → 304 (?ms, ?B)
[2026-10-08T06:26:26.802Z] GET http://localhost:8765/img/logo/Full_Logo.svg → 200 (?ms, -191B)
[2026-10-08T06:26:26.802Z] GET http://localhost:8765/img/photo/bench-wide.jpg → 200 (?ms, -190B)
[2026-10-08T06:26:26.804Z] GET http://localhost:8765/img/photo/mothnode-enclosure.jpg → 200 (?ms, -190B)
[2026-10-08T06:26:26.804Z] GET http://localhost:8765/img/photo/mothnode-pcba-bench.jpg → 200 (?ms, -190B)
[2026-10-08T06:26:26.820Z] GET https://fonts.gstatic.com/s/fraunces/v38/6NU58FyLNQOQZAnv9ZwNjucMHVn85Ni7emDWtFKqZTnbB-gzTK0K1ChjeveQ.woff2 → 200 (?ms, -815B)
[2026-10-08T06:26:26.821Z] GET https://fonts.gstatic.com/s/fraunces/v38/6NU78FyLNQOQZAnv9bYEvDiIdE9Ea92usiIk_WBq8U_9v0c2Wa0KxC9TeA.woff2 → 200 (?ms, -815B)
[2026-10-08T06:26:26.821Z] GET https://fonts.gstatic.com/s/homemadeapple/v24/Qw3EZQFXECDrI2q789EKQZJob0x6XHg.woff2 → 200 (?ms, -815B)
[2026-10-08T06:26:26.821Z] GET https://fonts.gstatic.com/s/karla/v33/qkB9XvYC6trAT55ZBi1ueQVIjQTD-JrIH2G7nytkHRyQ8p4wUje6bg.woff2 → 200 (?ms, -815B)
[2026-10-08T06:26:28.999Z] GET http://localhost:8765/concepts/cyberpunk.html → 200 (8ms, 26263B)
[2026-10-08T06:26:29.019Z] GET https://fonts.googleapis.com/css2?family=Rajdhani:wght@500;600;700&family=Chakra+Petch:wght@400;600;700&family=Noto+Sans+JP:wght@700;900&display=swap → 200 (25ms, 61373B)
[2026-10-08T06:26:29.020Z] GET http://localhost:8765/js/concepts.js → 200 (?ms, -193B)
[2026-10-08T06:26:29.020Z] GET http://localhost:8765/img/logo/Full_Logo.svg → 200 (?ms, -191B)
[2026-10-08T06:26:29.020Z] GET http://localhost:8765/img/photo/mothnode-pcba-bench.jpg → 200 (?ms, -190B)
[2026-10-08T06:26:29.078Z] GET http://localhost:8765/img/photo/mothnode-enclosure.jpg → 200 (?ms, -190B)
[2026-10-08T06:26:29.078Z] GET http://localhost:8765/img/photo/bench-wide.jpg → 200 (?ms, -190B)
[2026-10-08T06:26:29.175Z] GET https://fonts.gstatic.com/s/notosansjp/v57/-F62fjtqLzI2JPCgQBnw7HFow2oe2EcP5pp0erwTqsSWs9Jezazjcb4.112.woff2 → 200 (20ms, 17409B)
[2026-10-08T06:26:29.175Z] GET https://fonts.gstatic.com/s/chakrapetch/v13/cIflMapbsEk7TDLdtEz1BwkeQI51R5_F.woff2 → 200 (40ms, 10003B)
[2026-10-08T06:26:29.176Z] GET https://fonts.gstatic.com/s/rajdhani/v17/LDI2apCSOBg7S-QT7pa8FvOreec.woff2 → 200 (47ms, 15731B)
[2026-10-08T06:26:29.176Z] GET https://fonts.gstatic.com/s/chakrapetch/v13/cIf6MapbsEk7TDLdtEz1BwkWn6pg.woff2 → 200 (40ms, 9797B)
[2026-10-08T06:26:29.176Z] GET https://fonts.gstatic.com/s/chakrapetch/v13/cIflMapbsEk7TDLdtEz1BwkeJI91R5_F.woff2 → 200 (40ms, 9940B)
[2026-10-08T06:26:29.176Z] GET https://fonts.gstatic.com/s/notosansjp/v57/-F62fjtqLzI2JPCgQBnw7HFow2oe2EcP5pp0erwTqsSWs9Jezazjcb4.117.woff2 → 200 (39ms, 13119B)
[2026-10-08T06:26:29.176Z] GET https://fonts.gstatic.com/s/notosansjp/v57/-F62fjtqLzI2JPCgQBnw7HFow2oe2EcP5pp0erwTqsSWs9Jezazjcb4.113.woff2 → 200 (40ms, 16527B)
[2026-10-08T06:26:29.176Z] GET https://fonts.gstatic.com/s/notosansjp/v57/-F62fjtqLzI2JPCgQBnw7HFow2oe2EcP5pp0erwTqsSWs9Jezazjcb4.108.woff2 → 200 (39ms, 21521B)
[2026-10-08T06:26:30.631Z] GET https://fonts.gstatic.com/s/notosansjp/v57/-F62fjtqLzI2JPCgQBnw7HFow2oe2EcP5pp0erwTqsSWs9Jezazjcb4.116.woff2 → 200 (26ms, 17365B)
[2026-10-08T06:26:30.631Z] GET https://fonts.gstatic.com/s/notosansjp/v57/-F62fjtqLzI2JPCgQBnw7HFow2oe2EcP5pp0erwTqsSWs9Jezazjcb4.115.woff2 → 200 (42ms, 19789B)
[2026-10-08T06:26:30.631Z] GET https://fonts.gstatic.com/s/notosansjp/v57/-F62fjtqLzI2JPCgQBnw7HFow2oe2EcP5pp0erwTqsSWs9Jezazjcb4.107.woff2 → 200 (42ms, 18829B)
[2026-10-08T06:26:30.631Z] GET https://fonts.gstatic.com/s/notosansjp/v57/-F62fjtqLzI2JPCgQBnw7HFow2oe2EcP5pp0erwTqsSWs9Jezazjcb4.105.woff2 → 200 (41ms, 19005B)
[2026-10-08T06:26:30.631Z] GET https://fonts.gstatic.com/s/notosansjp/v57/-F62fjtqLzI2JPCgQBnw7HFow2oe2EcP5pp0erwTqsSWs9Jezazjcb4.119.woff2 → 200 (42ms, 79117B)
[2026-10-08T06:26:30.631Z] GET https://fonts.gstatic.com/s/notosansjp/v57/-F62fjtqLzI2JPCgQBnw7HFow2oe2EcP5pp0erwTqsSWs9Jezazjcb4.94.woff2 → 200 (29ms, 22161B)
[2026-10-08T06:26:30.631Z] GET https://fonts.gstatic.com/s/notosansjp/v57/-F62fjtqLzI2JPCgQBnw7HFow2oe2EcP5pp0erwTqsSWs9Jezazjcb4.106.woff2 → 200 (43ms, 23853B)
[2026-10-08T06:26:30.743Z] GET http://localhost:8765/concepts/cyberpunk.html → 200 (3ms, -188B)
[2026-10-08T06:26:30.753Z] GET https://fonts.googleapis.com/css2?family=Rajdhani:wght@500;600;700&family=Chakra+Petch:wght@400;600;700&family=Noto+Sans+JP:wght@700;900&display=swap → 200 (1ms, -743B)
[2026-10-08T06:26:30.762Z] GET http://localhost:8765/js/concepts.js → 200 (?ms, -193B)
[2026-10-08T06:26:30.762Z] GET http://localhost:8765/img/logo/Full_Logo.svg → 200 (?ms, -191B)
[2026-10-08T06:26:30.762Z] GET http://localhost:8765/img/photo/mothnode-pcba-bench.jpg → 200 (?ms, -190B)
[2026-10-08T06:26:30.763Z] GET http://localhost:8765/img/photo/mothnode-enclosure.jpg → 200 (1ms, -190B)
[2026-10-08T06:26:30.764Z] GET http://localhost:8765/img/photo/bench-wide.jpg → 200 (?ms, -190B)
[2026-10-08T06:26:30.891Z] GET https://fonts.gstatic.com/s/chakrapetch/v13/cIf6MapbsEk7TDLdtEz1BwkWn6pg.woff2 → 200 (?ms, -814B)
[2026-10-08T06:26:30.893Z] GET https://fonts.gstatic.com/s/chakrapetch/v13/cIflMapbsEk7TDLdtEz1BwkeQI51R5_F.woff2 → 200 (?ms, -814B)
[2026-10-08T06:26:30.893Z] GET https://fonts.gstatic.com/s/chakrapetch/v13/cIflMapbsEk7TDLdtEz1BwkeJI91R5_F.woff2 → 200 (1ms, -814B)
[2026-10-08T06:26:30.894Z] GET https://fonts.gstatic.com/s/notosansjp/v57/-F62fjtqLzI2JPCgQBnw7HFow2oe2EcP5pp0erwTqsSWs9Jezazjcb4.94.woff2 → 200 (?ms, -815B)
[2026-10-08T06:26:30.894Z] GET https://fonts.gstatic.com/s/notosansjp/v57/-F62fjtqLzI2JPCgQBnw7HFow2oe2EcP5pp0erwTqsSWs9Jezazjcb4.105.woff2 → 200 (?ms, -815B)
[2026-10-08T06:26:30.894Z] GET https://fonts.gstatic.com/s/notosansjp/v57/-F62fjtqLzI2JPCgQBnw7HFow2oe2EcP5pp0erwTqsSWs9Jezazjcb4.106.woff2 → 200 (?ms, -815B)
[2026-10-08T06:26:30.894Z] GET https://fonts.gstatic.com/s/notosansjp/v57/-F62fjtqLzI2JPCgQBnw7HFow2oe2EcP5pp0erwTqsSWs9Jezazjcb4.107.woff2 → 200 (?ms, -815B)
[2026-10-08T06:26:30.894Z] GET https://fonts.gstatic.com/s/notosansjp/v57/-F62fjtqLzI2JPCgQBnw7HFow2oe2EcP5pp0erwTqsSWs9Jezazjcb4.108.woff2 → 200 (?ms, -815B)
[2026-10-08T06:26:30.895Z] GET https://fonts.gstatic.com/s/notosansjp/v57/-F62fjtqLzI2JPCgQBnw7HFow2oe2EcP5pp0erwTqsSWs9Jezazjcb4.112.woff2 → 200 (?ms, -815B)
[2026-10-08T06:26:30.895Z] GET https://fonts.gstatic.com/s/notosansjp/v57/-F62fjtqLzI2JPCgQBnw7HFow2oe2EcP5pp0erwTqsSWs9Jezazjcb4.113.woff2 → 200 (?ms, -815B)
[2026-10-08T06:26:30.895Z] GET https://fonts.gstatic.com/s/notosansjp/v57/-F62fjtqLzI2JPCgQBnw7HFow2oe2EcP5pp0erwTqsSWs9Jezazjcb4.115.woff2 → 200 (?ms, -815B)
[2026-10-08T06:26:30.895Z] GET https://fonts.gstatic.com/s/notosansjp/v57/-F62fjtqLzI2JPCgQBnw7HFow2oe2EcP5pp0erwTqsSWs9Jezazjcb4.116.woff2 → 200 (?ms, -815B)
[2026-10-08T06:26:30.895Z] GET https://fonts.gstatic.com/s/notosansjp/v57/-F62fjtqLzI2JPCgQBnw7HFow2oe2EcP5pp0erwTqsSWs9Jezazjcb4.117.woff2 → 200 (?ms, -815B)
[2026-10-08T06:26:30.895Z] GET https://fonts.gstatic.com/s/notosansjp/v57/-F62fjtqLzI2JPCgQBnw7HFow2oe2EcP5pp0erwTqsSWs9Jezazjcb4.119.woff2 → 200 (?ms, -815B)
[2026-10-08T06:26:30.896Z] GET https://fonts.gstatic.com/s/rajdhani/v17/LDI2apCSOBg7S-QT7pa8FvOreec.woff2 → 200 (?ms, -815B)
[2026-10-08T06:26:38.036Z] GET http://localhost:8765/concepts/cybercore.html → 200 (2ms, -188B)
[2026-10-08T06:26:38.050Z] GET https://fonts.googleapis.com/css2?family=Michroma&family=VT323&family=Share+Tech+Mono&display=swap → 200 (?ms, -743B)
[2026-10-08T06:26:38.051Z] GET http://localhost:8765/js/concepts.js → 304 (1ms, ?B)
[2026-10-08T06:26:38.051Z] GET http://localhost:8765/img/logo/Full_Logo.svg → 200 (?ms, -191B)
[2026-10-08T06:26:38.051Z] GET http://localhost:8765/img/photo/mothnode-pcba-bench.jpg → 200 (?ms, -190B)
[2026-10-08T06:26:38.082Z] GET http://localhost:8765/img/photo/mothnode-enclosure.jpg → 200 (?ms, -190B)
[2026-10-08T06:26:38.082Z] GET http://localhost:8765/img/photo/bench-wide.jpg → 200 (?ms, -190B)
[2026-10-08T06:26:38.083Z] GET https://fonts.gstatic.com/s/michroma/v21/PN_zRfy9qWD8fEagAPg9pTk.woff2 → 200 (?ms, -815B)
[2026-10-08T06:26:38.083Z] GET https://fonts.gstatic.com/s/sharetechmono/v16/J7aHnp1uDWRBEqV98dVQztYldFcLowEF.woff2 → 200 (?ms, -815B)
[2026-10-08T06:26:38.083Z] GET https://fonts.gstatic.com/s/vt323/v18/pxiKyp0ihIEF2isfFJU.woff2 → 200 (?ms, -815B)
[2026-10-08T06:26:39.293Z] GET http://localhost:8765/concepts/neumorphism.html → 200 (2ms, -188B)
[2026-10-08T06:26:39.308Z] GET https://fonts.googleapis.com/css2?family=Manrope:wght@400;500;600;700;800&family=JetBrains+Mono:wght@400;500&display=swap → 200 (?ms, -743B)
[2026-10-08T06:26:39.309Z] GET http://localhost:8765/js/concepts.js → 200 (?ms, -193B)
[2026-10-08T06:26:39.309Z] GET http://localhost:8765/img/logo/Full_Logo.svg → 200 (?ms, -191B)
[2026-10-08T06:26:39.309Z] GET http://localhost:8765/img/photo/mothnode-pcba-bench.jpg → 200 (?ms, -190B)
[2026-10-08T06:26:39.310Z] GET http://localhost:8765/img/photo/mothnode-enclosure.jpg → 200 (?ms, -190B)
[2026-10-08T06:26:39.310Z] GET http://localhost:8765/img/photo/bench-wide.jpg → 200 (?ms, -190B)
[2026-10-08T06:26:39.348Z] GET https://fonts.gstatic.com/s/jetbrainsmono/v24/tDbv2o-flEEny0FZhsfKu5WU4zr3E_BX0PnT8RD8yKwBNntkaToggR7BYRbKPxDcwg.woff2 → 200 (?ms, -815B)
[2026-10-08T06:26:39.349Z] GET https://fonts.gstatic.com/s/manrope/v20/xn7gYHE41ni1AdIRggexSg.woff2 → 200 (6ms, -815B)
[2026-10-08T06:26:40.509Z] GET http://localhost:8765/concepts/bohemian.html → 200 (3ms, -188B)
[2026-10-08T06:26:40.523Z] GET https://fonts.googleapis.com/css2?family=Fraunces:ital,opsz,wght,SOFT@0,9..144,300..800,100;1,9..144,300..700,100&family=Homemade+Apple&family=Karla:wght@400;500;700&display=swap → 200 (1ms, -743B)
[2026-10-08T06:26:40.525Z] GET http://localhost:8765/js/concepts.js → 200 (?ms, -193B)
[2026-10-08T06:26:40.525Z] GET http://localhost:8765/img/logo/Full_Logo.svg → 200 (?ms, -191B)
[2026-10-08T06:26:40.525Z] GET http://localhost:8765/img/photo/bench-wide.jpg → 200 (?ms, -190B)
[2026-10-08T06:26:40.526Z] GET http://localhost:8765/img/photo/mothnode-enclosure.jpg → 200 (?ms, -190B)
[2026-10-08T06:26:40.526Z] GET http://localhost:8765/img/photo/mothnode-pcba-bench.jpg → 200 (?ms, -190B)
[2026-10-08T06:26:40.544Z] GET https://fonts.gstatic.com/s/fraunces/v38/6NU58FyLNQOQZAnv9ZwNjucMHVn85Ni7emDWtFKqZTnbB-gzTK0K1ChjeveQ.woff2 → 200 (1ms, -815B)
[2026-10-08T06:26:40.545Z] GET https://fonts.gstatic.com/s/fraunces/v38/6NU78FyLNQOQZAnv9bYEvDiIdE9Ea92usiIk_WBq8U_9v0c2Wa0KxC9TeA.woff2 → 200 (?ms, -815B)
[2026-10-08T06:26:40.545Z] GET https://fonts.gstatic.com/s/homemadeapple/v24/Qw3EZQFXECDrI2q789EKQZJob0x6XHg.woff2 → 200 (?ms, -815B)
[2026-10-08T06:26:40.545Z] GET https://fonts.gstatic.com/s/karla/v33/qkB9XvYC6trAT55ZBi1ueQVIjQTD-JrIH2G7nytkHRyQ8p4wUje6bg.woff2 → 200 (?ms, -815B)
[2026-10-08T06:26:53.212Z] GET http://localhost:8765/concepts/cybercore.html → 200 (2ms, -188B)
[2026-10-08T06:26:53.228Z] GET https://fonts.googleapis.com/css2?family=Michroma&family=VT323&family=Share+Tech+Mono&display=swap → 200 (?ms, -743B)
[2026-10-08T06:26:53.229Z] GET http://localhost:8765/js/concepts.js → 304 (10ms, ?B)
[2026-10-08T06:26:53.229Z] GET http://localhost:8765/img/logo/Full_Logo.svg → 200 (?ms, -191B)
[2026-10-08T06:26:53.229Z] GET http://localhost:8765/img/photo/mothnode-pcba-bench.jpg → 200 (?ms, -190B)
[2026-10-08T06:26:53.258Z] GET http://localhost:8765/img/photo/mothnode-enclosure.jpg → 200 (1ms, -190B)
[2026-10-08T06:26:53.260Z] GET http://localhost:8765/img/photo/bench-wide.jpg → 200 (?ms, -190B)
[2026-10-08T06:26:53.260Z] GET https://fonts.gstatic.com/s/michroma/v21/PN_zRfy9qWD8fEagAPg9pTk.woff2 → 200 (?ms, -815B)
[2026-10-08T06:26:53.261Z] GET https://fonts.gstatic.com/s/sharetechmono/v16/J7aHnp1uDWRBEqV98dVQztYldFcLowEF.woff2 → 200 (?ms, -815B)
[2026-10-08T06:26:53.261Z] GET https://fonts.gstatic.com/s/vt323/v18/pxiKyp0ihIEF2isfFJU.woff2 → 200 (?ms, -815B)
[2026-10-08T06:26:54.490Z] GET http://localhost:8765/concepts/neumorphism.html → 200 (2ms, -188B)
[2026-10-08T06:26:54.506Z] GET https://fonts.googleapis.com/css2?family=Manrope:wght@400;500;600;700;800&family=JetBrains+Mono:wght@400;500&display=swap → 200 (?ms, -743B)
[2026-10-08T06:26:54.507Z] GET http://localhost:8765/js/concepts.js → 200 (?ms, -193B)
[2026-10-08T06:26:54.508Z] GET http://localhost:8765/img/logo/Full_Logo.svg → 200 (?ms, -191B)
[2026-10-08T06:26:54.508Z] GET http://localhost:8765/img/photo/mothnode-pcba-bench.jpg → 200 (?ms, -190B)
[2026-10-08T06:26:54.509Z] GET http://localhost:8765/img/photo/mothnode-enclosure.jpg → 200 (?ms, -190B)
[2026-10-08T06:26:54.509Z] GET http://localhost:8765/img/photo/bench-wide.jpg → 200 (?ms, -190B)
[2026-10-08T06:26:54.547Z] GET https://fonts.gstatic.com/s/jetbrainsmono/v24/tDbv2o-flEEny0FZhsfKu5WU4zr3E_BX0PnT8RD8yKwBNntkaToggR7BYRbKPxDcwg.woff2 → 200 (1ms, -815B)
[2026-10-08T06:26:54.548Z] GET https://fonts.gstatic.com/s/manrope/v20/xn7gYHE41ni1AdIRggexSg.woff2 → 200 (?ms, -815B)
[2026-10-08T06:26:55.710Z] GET http://localhost:8765/concepts/bohemian.html → 200 (6ms, 24783B)
[2026-10-08T06:26:55.726Z] GET https://fonts.googleapis.com/css2?family=Fraunces:ital,opsz,wght,SOFT@0,9..144,300..800,100;1,9..144,300..700,100&family=Homemade+Apple&family=Karla:wght@400;500;700&display=swap → 200 (?ms, -743B)
[2026-10-08T06:26:55.726Z] GET http://localhost:8765/js/concepts.js → 200 (?ms, -193B)
[2026-10-08T06:26:55.726Z] GET http://localhost:8765/img/logo/Full_Logo.svg → 200 (?ms, -191B)
[2026-10-08T06:26:55.726Z] GET http://localhost:8765/img/photo/bench-wide.jpg → 200 (?ms, -190B)
[2026-10-08T06:26:55.728Z] GET http://localhost:8765/img/photo/mothnode-enclosure.jpg → 200 (?ms, -190B)
[2026-10-08T06:26:55.728Z] GET http://localhost:8765/img/photo/mothnode-pcba-bench.jpg → 200 (?ms, -190B)
[2026-10-08T06:26:55.748Z] GET https://fonts.gstatic.com/s/fraunces/v38/6NU58FyLNQOQZAnv9ZwNjucMHVn85Ni7emDWtFKqZTnbB-gzTK0K1ChjeveQ.woff2 → 200 (2ms, -815B)
[2026-10-08T06:26:55.750Z] GET https://fonts.gstatic.com/s/fraunces/v38/6NU78FyLNQOQZAnv9bYEvDiIdE9Ea92usiIk_WBq8U_9v0c2Wa0KxC9TeA.woff2 → 200 (?ms, -815B)
[2026-10-08T06:26:55.751Z] GET https://fonts.gstatic.com/s/homemadeapple/v24/Qw3EZQFXECDrI2q789EKQZJob0x6XHg.woff2 → 200 (?ms, -815B)
[2026-10-08T06:26:55.751Z] GET https://fonts.gstatic.com/s/karla/v33/qkB9XvYC6trAT55ZBi1ueQVIjQTD-JrIH2G7nytkHRyQ8p4wUje6bg.woff2 → 200 (?ms, -815B)
[2026-10-08T06:27:03.347Z] GET http://localhost:8765/concepts/cybercore.html?v=4649 → 200 (15ms, 25338B)
[2026-10-08T06:27:03.365Z] GET https://fonts.googleapis.com/css2?family=Michroma&family=VT323&family=Share+Tech+Mono&display=swap → 200 (?ms, -743B)
[2026-10-08T06:27:03.366Z] GET http://localhost:8765/js/concepts.js → 304 (2ms, ?B)
[2026-10-08T06:27:03.366Z] GET http://localhost:8765/img/logo/Full_Logo.svg → 200 (?ms, -191B)
[2026-10-08T06:27:03.366Z] GET http://localhost:8765/img/photo/mothnode-pcba-bench.jpg → 200 (?ms, -190B)
[2026-10-08T06:27:03.394Z] GET http://localhost:8765/img/photo/mothnode-enclosure.jpg → 200 (?ms, -190B)
[2026-10-08T06:27:03.394Z] GET http://localhost:8765/img/photo/bench-wide.jpg → 200 (?ms, -190B)
[2026-10-08T06:27:03.395Z] GET https://fonts.gstatic.com/s/michroma/v21/PN_zRfy9qWD8fEagAPg9pTk.woff2 → 200 (?ms, -815B)
[2026-10-08T06:27:03.395Z] GET https://fonts.gstatic.com/s/sharetechmono/v16/J7aHnp1uDWRBEqV98dVQztYldFcLowEF.woff2 → 200 (?ms, -815B)
[2026-10-08T06:27:03.396Z] GET https://fonts.gstatic.com/s/vt323/v18/pxiKyp0ihIEF2isfFJU.woff2 → 200 (?ms, -815B)
[2026-10-08T06:27:04.608Z] GET http://localhost:8765/concepts/neumorphism.html?v=16586 → 200 (6ms, 23616B)
[2026-10-08T06:27:04.624Z] GET https://fonts.googleapis.com/css2?family=Manrope:wght@400;500;600;700;800&family=JetBrains+Mono:wght@400;500&display=swap → 200 (?ms, -743B)
[2026-10-08T06:27:04.625Z] GET http://localhost:8765/js/concepts.js → 200 (?ms, -193B)
[2026-10-08T06:27:04.625Z] GET http://localhost:8765/img/logo/Full_Logo.svg → 200 (?ms, -191B)
[2026-10-08T06:27:04.625Z] GET http://localhost:8765/img/photo/mothnode-pcba-bench.jpg → 200 (?ms, -190B)
[2026-10-08T06:27:04.628Z] GET http://localhost:8765/img/photo/mothnode-enclosure.jpg → 200 (?ms, -190B)
[2026-10-08T06:27:04.628Z] GET http://localhost:8765/img/photo/bench-wide.jpg → 200 (?ms, -190B)
[2026-10-08T06:27:04.668Z] GET https://fonts.gstatic.com/s/jetbrainsmono/v24/tDbv2o-flEEny0FZhsfKu5WU4zr3E_BX0PnT8RD8yKwBNntkaToggR7BYRbKPxDcwg.woff2 → 200 (?ms, -815B)
[2026-10-08T06:27:04.668Z] GET https://fonts.gstatic.com/s/manrope/v20/xn7gYHE41ni1AdIRggexSg.woff2 → 200 (?ms, -815B)
[2026-10-08T06:27:05.828Z] GET http://localhost:8765/concepts/bohemian.html?v=14004 → 200 (6ms, 24783B)
[2026-10-08T06:27:05.843Z] GET https://fonts.googleapis.com/css2?family=Fraunces:ital,opsz,wght,SOFT@0,9..144,300..800,100;1,9..144,300..700,100&family=Homemade+Apple&family=Karla:wght@400;500;700&display=swap → 200 (?ms, -743B)
[2026-10-08T06:27:05.843Z] GET http://localhost:8765/js/concepts.js → 200 (?ms, -193B)
[2026-10-08T06:27:05.844Z] GET http://localhost:8765/img/logo/Full_Logo.svg → 200 (?ms, -191B)
[2026-10-08T06:27:05.844Z] GET http://localhost:8765/img/photo/bench-wide.jpg → 200 (?ms, -190B)
[2026-10-08T06:27:05.846Z] GET http://localhost:8765/img/photo/mothnode-enclosure.jpg → 200 (?ms, -190B)
[2026-10-08T06:27:05.846Z] GET http://localhost:8765/img/photo/mothnode-pcba-bench.jpg → 200 (?ms, -190B)
[2026-10-08T06:27:05.864Z] GET https://fonts.gstatic.com/s/fraunces/v38/6NU58FyLNQOQZAnv9ZwNjucMHVn85Ni7emDWtFKqZTnbB-gzTK0K1ChjeveQ.woff2 → 200 (?ms, -815B)
[2026-10-08T06:27:05.864Z] GET https://fonts.gstatic.com/s/fraunces/v38/6NU78FyLNQOQZAnv9bYEvDiIdE9Ea92usiIk_WBq8U_9v0c2Wa0KxC9TeA.woff2 → 200 (?ms, -815B)
[2026-10-08T06:27:05.865Z] GET https://fonts.gstatic.com/s/homemadeapple/v24/Qw3EZQFXECDrI2q789EKQZJob0x6XHg.woff2 → 200 (?ms, -815B)
[2026-10-08T06:27:05.865Z] GET https://fonts.gstatic.com/s/karla/v33/qkB9XvYC6trAT55ZBi1ueQVIjQTD-JrIH2G7nytkHRyQ8p4wUje6bg.woff2 → 200 (?ms, -815B)
[2026-10-08T06:27:13.230Z] GET http://localhost:8765/concepts/bohemian.html?v=28383 → 200 (6ms, 24811B)
[2026-10-08T06:27:13.247Z] GET https://fonts.googleapis.com/css2?family=Fraunces:ital,opsz,wght,SOFT@0,9..144,300..800,100;1,9..144,300..700,100&family=Homemade+Apple&family=Karla:wght@400;500;700&display=swap → 200 (?ms, -743B)
[2026-10-08T06:27:13.248Z] GET http://localhost:8765/js/concepts.js → 200 (?ms, -193B)
[2026-10-08T06:27:13.248Z] GET http://localhost:8765/img/logo/Full_Logo.svg → 200 (?ms, -191B)
[2026-10-08T06:27:13.248Z] GET http://localhost:8765/img/photo/bench-wide.jpg → 200 (?ms, -190B)
[2026-10-08T06:27:13.250Z] GET http://localhost:8765/img/photo/mothnode-enclosure.jpg → 200 (?ms, -190B)
[2026-10-08T06:27:13.250Z] GET http://localhost:8765/img/photo/mothnode-pcba-bench.jpg → 200 (?ms, -190B)
[2026-10-08T06:27:13.267Z] GET https://fonts.gstatic.com/s/fraunces/v38/6NU58FyLNQOQZAnv9ZwNjucMHVn85Ni7emDWtFKqZTnbB-gzTK0K1ChjeveQ.woff2 → 200 (?ms, -815B)
[2026-10-08T06:27:13.268Z] GET https://fonts.gstatic.com/s/fraunces/v38/6NU78FyLNQOQZAnv9bYEvDiIdE9Ea92usiIk_WBq8U_9v0c2Wa0KxC9TeA.woff2 → 200 (?ms, -815B)
[2026-10-08T06:27:13.268Z] GET https://fonts.gstatic.com/s/homemadeapple/v24/Qw3EZQFXECDrI2q789EKQZJob0x6XHg.woff2 → 200 (?ms, -815B)
[2026-10-08T06:27:13.268Z] GET https://fonts.gstatic.com/s/karla/v33/qkB9XvYC6trAT55ZBi1ueQVIjQTD-JrIH2G7nytkHRyQ8p4wUje6bg.woff2 → 200 (?ms, -815B)
[2026-10-08T06:28:02.600Z] GET http://localhost:8765/concepts/bento.html?v=24107 → 200 (16ms, 22475B)
[2026-10-08T06:28:02.633Z] GET https://fonts.googleapis.com/css2?family=Inter+Tight:wght@400;500;600;700;800&family=Geist+Mono:wght@400;500&display=swap → 200 (1ms, -743B)
[2026-10-08T06:28:02.635Z] GET http://localhost:8765/js/concepts.js → 304 (1ms, ?B)
[2026-10-08T06:28:02.635Z] GET http://localhost:8765/img/logo/Full_Logo.svg → 200 (?ms, -191B)
[2026-10-08T06:28:02.635Z] GET http://localhost:8765/img/photo/mothnode-pcba-bench.jpg → 200 (?ms, -190B)
[2026-10-08T06:28:02.636Z] GET http://localhost:8765/img/photo/mothnode-enclosure.jpg → 200 (?ms, -190B)
[2026-10-08T06:28:02.636Z] GET http://localhost:8765/img/photo/bench-wide.jpg → 200 (?ms, -190B)
[2026-10-08T06:28:02.714Z] GET https://fonts.gstatic.com/s/geistmono/v6/or3nQ6H-1_WfwkMZI_qYFrcdmg.woff2 → 200 (?ms, -815B)
[2026-10-08T06:28:02.714Z] GET https://fonts.gstatic.com/s/intertight/v9/NGSwv5HMAFg6IuGlBNMjxLsH8ag.woff2 → 200 (?ms, -815B)
[2026-10-08T06:28:04.492Z] GET http://localhost:8765/concepts/surrealism.html?v=6942 → 200 (8ms, 26709B)
[2026-10-08T06:28:04.516Z] GET https://fonts.googleapis.com/css2?family=Cormorant+Garamond:ital,wght@0,400;0,500;0,600;1,400;1,500&family=Italiana&family=Courier+Prime&display=swap → 200 (?ms, -743B)
[2026-10-08T06:28:04.516Z] GET http://localhost:8765/js/concepts.js → 200 (?ms, -193B)
[2026-10-08T06:28:04.516Z] GET http://localhost:8765/img/logo/Full_Logo.svg → 200 (?ms, -191B)
[2026-10-08T06:28:04.518Z] GET http://localhost:8765/img/photo/mothnode-pcba-bench.jpg → 200 (?ms, -190B)
[2026-10-08T06:28:04.518Z] GET http://localhost:8765/img/photo/mothnode-enclosure.jpg → 200 (?ms, -190B)
[2026-10-08T06:28:04.518Z] GET http://localhost:8765/img/photo/bench-wide.jpg → 200 (?ms, -190B)
[2026-10-08T06:28:04.537Z] GET https://fonts.gstatic.com/s/cormorantgaramond/v21/co3ZmX5slCNuHLi8bLeY9MK7whWMhyjYrEtImSo.woff2 → 200 (?ms, -815B)
[2026-10-08T06:28:04.537Z] GET https://fonts.gstatic.com/s/cormorantgaramond/v21/co3bmX5slCNuHLi8bLeY9MK7whWMhyjYqXtK.woff2 → 200 (1ms, -815B)
[2026-10-08T06:28:04.538Z] GET https://fonts.gstatic.com/s/courierprime/v11/u-450q2lgwslOqpF_6gQ8kELawFpWg.woff2 → 200 (?ms, -815B)
[2026-10-08T06:28:04.538Z] GET https://fonts.gstatic.com/s/italiana/v21/QldNNTtLsx4E__B0XQmWaXw.woff2 → 200 (1ms, -815B)
[2026-10-08T06:28:06.451Z] GET http://localhost:8765/concepts/synthwave.html?v=19912 → 200 (6ms, 25938B)
[2026-10-08T06:28:06.467Z] GET https://fonts.googleapis.com/css2?family=Monoton&family=Orbitron:wght@500;700;900&family=Mr+Dafoe&family=IBM+Plex+Mono:wght@400;500&display=swap → 200 (?ms, -743B)
[2026-10-08T06:28:06.468Z] GET http://localhost:8765/js/concepts.js → 200 (?ms, -193B)
[2026-10-08T06:28:06.468Z] GET http://localhost:8765/img/logo/Full_Logo.svg → 200 (?ms, -191B)
[2026-10-08T06:28:06.471Z] GET http://localhost:8765/img/photo/mothnode-enclosure.jpg → 200 (?ms, -190B)
[2026-10-08T06:28:06.471Z] GET http://localhost:8765/img/photo/bench-wide.jpg → 200 (1ms, -190B)
[2026-10-08T06:28:06.497Z] GET https://fonts.gstatic.com/s/ibmplexmono/v20/-F63fjptAgt5VM-kVkqdyU8n1i8q1w.woff2 → 200 (?ms, -815B)
[2026-10-08T06:28:06.497Z] GET https://fonts.gstatic.com/s/ibmplexmono/v20/-F6qfjptAgt5VM-kVkqdyU8n3twJwlBFgg.woff2 → 200 (?ms, -815B)
[2026-10-08T06:28:06.497Z] GET https://fonts.gstatic.com/s/monoton/v22/5h1aiZUrOngCibe4TkHLQg.woff2 → 200 (?ms, -815B)
[2026-10-08T06:28:06.497Z] GET https://fonts.gstatic.com/s/mrdafoe/v15/lJwE-pIzkS5NXuMMrFitibI.woff2 → 200 (?ms, -815B)
[2026-10-08T06:28:06.497Z] GET https://fonts.gstatic.com/s/orbitron/v35/yMJRMIlzdpvBhQQL_Qq7dy0.woff2 → 200 (?ms, -815B)
[2026-10-08T06:28:08.603Z] GET http://localhost:8765/concepts/bento.html?v=6867 → 200 (7ms, 22475B)
[2026-10-08T06:28:08.621Z] GET https://fonts.googleapis.com/css2?family=Inter+Tight:wght@400;500;600;700;800&family=Geist+Mono:wght@400;500&display=swap → 200 (?ms, -743B)
[2026-10-08T06:28:08.622Z] GET http://localhost:8765/js/concepts.js → 200 (?ms, -193B)
[2026-10-08T06:28:08.622Z] GET http://localhost:8765/img/logo/Full_Logo.svg → 200 (?ms, -191B)
[2026-10-08T06:28:08.622Z] GET http://localhost:8765/img/photo/mothnode-pcba-bench.jpg → 200 (?ms, -190B)
[2026-10-08T06:28:08.624Z] GET http://localhost:8765/img/photo/mothnode-enclosure.jpg → 200 (?ms, -190B)
[2026-10-08T06:28:08.625Z] GET http://localhost:8765/img/photo/bench-wide.jpg → 200 (?ms, -190B)
[2026-10-08T06:28:08.683Z] GET https://fonts.gstatic.com/s/geistmono/v6/or3nQ6H-1_WfwkMZI_qYFrcdmg.woff2 → 200 (?ms, -815B)
[2026-10-08T06:28:08.683Z] GET https://fonts.gstatic.com/s/intertight/v9/NGSwv5HMAFg6IuGlBNMjxLsH8ag.woff2 → 200 (?ms, -815B)
[2026-10-08T06:28:09.866Z] GET http://localhost:8765/concepts/surrealism.html?v=24562 → 200 (18ms, 26709B)
[2026-10-08T06:28:09.910Z] GET https://fonts.googleapis.com/css2?family=Cormorant+Garamond:ital,wght@0,400;0,500;0,600;1,400;1,500&family=Italiana&family=Courier+Prime&display=swap → 200 (?ms, -743B)
[2026-10-08T06:28:09.911Z] GET http://localhost:8765/js/concepts.js → 200 (?ms, -193B)
[2026-10-08T06:28:09.911Z] GET http://localhost:8765/img/logo/Full_Logo.svg → 200 (?ms, -191B)
[2026-10-08T06:28:09.911Z] GET http://localhost:8765/img/photo/mothnode-pcba-bench.jpg → 200 (?ms, -190B)
[2026-10-08T06:28:09.913Z] GET http://localhost:8765/img/photo/mothnode-enclosure.jpg → 200 (?ms, -190B)
[2026-10-08T06:28:09.919Z] GET http://localhost:8765/img/photo/bench-wide.jpg → 200 (?ms, -190B)
[2026-10-08T06:28:09.948Z] GET https://fonts.gstatic.com/s/cormorantgaramond/v21/co3ZmX5slCNuHLi8bLeY9MK7whWMhyjYrEtImSo.woff2 → 200 (?ms, -815B)
[2026-10-08T06:28:09.948Z] GET https://fonts.gstatic.com/s/cormorantgaramond/v21/co3bmX5slCNuHLi8bLeY9MK7whWMhyjYqXtK.woff2 → 200 (?ms, -815B)
[2026-10-08T06:28:09.949Z] GET https://fonts.gstatic.com/s/courierprime/v11/u-450q2lgwslOqpF_6gQ8kELawFpWg.woff2 → 200 (?ms, -815B)
[2026-10-08T06:28:09.949Z] GET https://fonts.gstatic.com/s/italiana/v21/QldNNTtLsx4E__B0XQmWaXw.woff2 → 200 (?ms, -815B)
[2026-10-08T06:28:11.171Z] GET http://localhost:8765/concepts/synthwave.html?v=24978 → 200 (15ms, 25938B)
[2026-10-08T06:28:11.196Z] GET https://fonts.googleapis.com/css2?family=Monoton&family=Orbitron:wght@500;700;900&family=Mr+Dafoe&family=IBM+Plex+Mono:wght@400;500&display=swap → 200 (1ms, -743B)
[2026-10-08T06:28:11.198Z] GET http://localhost:8765/js/concepts.js → 200 (?ms, -193B)
[2026-10-08T06:28:11.198Z] GET http://localhost:8765/img/logo/Full_Logo.svg → 200 (?ms, -191B)
[2026-10-08T06:28:11.200Z] GET http://localhost:8765/img/photo/mothnode-enclosure.jpg → 200 (?ms, -190B)
[2026-10-08T06:28:11.200Z] GET http://localhost:8765/img/photo/bench-wide.jpg → 200 (?ms, -190B)
[2026-10-08T06:28:11.228Z] GET https://fonts.gstatic.com/s/ibmplexmono/v20/-F63fjptAgt5VM-kVkqdyU8n1i8q1w.woff2 → 200 (1ms, -815B)
[2026-10-08T06:28:11.229Z] GET https://fonts.gstatic.com/s/ibmplexmono/v20/-F6qfjptAgt5VM-kVkqdyU8n3twJwlBFgg.woff2 → 200 (?ms, -815B)
[2026-10-08T06:28:11.229Z] GET https://fonts.gstatic.com/s/monoton/v22/5h1aiZUrOngCibe4TkHLQg.woff2 → 200 (?ms, -815B)
[2026-10-08T06:28:11.230Z] GET https://fonts.gstatic.com/s/mrdafoe/v15/lJwE-pIzkS5NXuMMrFitibI.woff2 → 200 (?ms, -815B)
[2026-10-08T06:28:11.230Z] GET https://fonts.gstatic.com/s/orbitron/v35/yMJRMIlzdpvBhQQL_Qq7dy0.woff2 → 200 (?ms, -815B)
[2026-10-08T06:28:12.455Z] GET http://localhost:8765/concepts/glassmorphism.html?v=12621 → 200 (8ms, 25288B)
[2026-10-08T06:28:12.475Z] GET https://fonts.googleapis.com/css2?family=Plus+Jakarta+Sans:wght@400;500;600;700;800&family=Geist+Mono:wght@400;500&display=swap → 200 (?ms, -743B)
[2026-10-08T06:28:12.476Z] GET http://localhost:8765/js/concepts.js → 200 (?ms, -193B)
[2026-10-08T06:28:12.476Z] GET http://localhost:8765/img/logo/Full_Logo.svg → 200 (?ms, -191B)
[2026-10-08T06:28:12.477Z] GET http://localhost:8765/img/photo/mothnode-pcba-bench.jpg → 200 (?ms, -190B)
[2026-10-08T06:28:12.492Z] GET http://localhost:8765/img/photo/mothnode-enclosure.jpg → 200 (?ms, -190B)
[2026-10-08T06:28:12.492Z] GET http://localhost:8765/img/photo/bench-wide.jpg → 200 (?ms, -190B)
[2026-10-08T06:28:12.526Z] GET https://fonts.gstatic.com/s/geistmono/v6/or3nQ6H-1_WfwkMZI_qYFrcdmg.woff2 → 200 (1ms, -815B)
[2026-10-08T06:28:12.527Z] GET https://fonts.gstatic.com/s/plusjakartasans/v12/LDIoaomQNQcsA88c7O9yZ4KMCoOg4Ko20yw.woff2 → 200 (?ms, -815B)
[2026-10-08T06:28:36.059Z] GET http://localhost:8765/concepts/surrealism.html?v=10614 → 200 (14ms, 26977B)
[2026-10-08T06:28:36.092Z] GET https://fonts.googleapis.com/css2?family=Cormorant+Garamond:ital,wght@0,400;0,500;0,600;1,400;1,500&family=Italiana&family=Courier+Prime&display=swap → 200 (?ms, -743B)
[2026-10-08T06:28:36.093Z] GET http://localhost:8765/js/concepts.js → 304 (3ms, ?B)
[2026-10-08T06:28:36.093Z] GET http://localhost:8765/img/logo/Full_Logo.svg → 200 (?ms, -191B)
[2026-10-08T06:28:36.093Z] GET http://localhost:8765/img/photo/mothnode-pcba-bench.jpg → 200 (?ms, -190B)
[2026-10-08T06:28:36.103Z] GET http://localhost:8765/img/photo/mothnode-enclosure.jpg → 200 (?ms, -190B)
[2026-10-08T06:28:36.103Z] GET http://localhost:8765/img/photo/bench-wide.jpg → 200 (?ms, -190B)
[2026-10-08T06:28:36.133Z] GET https://fonts.gstatic.com/s/cormorantgaramond/v21/co3ZmX5slCNuHLi8bLeY9MK7whWMhyjYrEtImSo.woff2 → 200 (?ms, -815B)
[2026-10-08T06:28:36.133Z] GET https://fonts.gstatic.com/s/cormorantgaramond/v21/co3bmX5slCNuHLi8bLeY9MK7whWMhyjYqXtK.woff2 → 200 (?ms, -815B)
[2026-10-08T06:28:36.133Z] GET https://fonts.gstatic.com/s/courierprime/v11/u-450q2lgwslOqpF_6gQ8kELawFpWg.woff2 → 200 (1ms, -815B)
[2026-10-08T06:28:36.134Z] GET https://fonts.gstatic.com/s/italiana/v21/QldNNTtLsx4E__B0XQmWaXw.woff2 → 200 (?ms, -815B)
